--------------------------------------------------------------------------------------
Timing Analyzer Summary
--------------------------------------------------------------------------------------

Type           : Worst-case tco
Slack          : N/A
Required Time  : None
Actual Time    : 17.522 ns
From           : lpm_counter0:inst2|lpm_counter:lpm_counter_component|cntr_4dh:auto_generated|safe_q[0]
To             : LED7
From Clock     : CLK
To Clock       : --
Failed Paths   : 0

Type           : Worst-case tpd
Slack          : N/A
Required Time  : None
Actual Time    : 15.928 ns
From           : Seg1[2]
To             : LED6
From Clock     : --
To Clock       : --
Failed Paths   : 0

Type           : Clock Setup: 'CLK'
Slack          : N/A
Required Time  : None
Actual Time    : 138.83 MHz ( period = 7.203 ns )
From           : lpm_counter1:inst16|lpm_counter:lpm_counter_component|cntr_90j:auto_generated|safe_q[9]
To             : lpm_counter1:inst16|lpm_counter:lpm_counter_component|cntr_90j:auto_generated|safe_q[0]
From Clock     : CLK
To Clock       : CLK
Failed Paths   : 0

Type           : Total number of failed paths
Slack          : 
Required Time  : 
Actual Time    : 
From           : 
To             : 
From Clock     : 
To Clock       : 
Failed Paths   : 0

--------------------------------------------------------------------------------------

